Mirror of https://github.com/seeraven/gitcache.git:
  Mirror Updates:      0
  Clones from Mirror:  1
  Updates from Mirror: 0

Total:
  Mirror Updates:      0
  Clones from Mirror:  1
  Updates from Mirror: 0

