Total:
  Mirror Updates:       0
  Mirror Updates (LFS): 0
  Clones from Mirror:   0
  Updates from Mirror:  0

