Mirror of https://github.com/seeraven/gitcache.git:
  Mirror Updates:      2
  Clones from Mirror:  4
  Updates from Mirror: 0

Mirror of https://github.com/seeraven/scm-autologin-plugin:
  Mirror Updates:      0
  Clones from Mirror:  1
  Updates from Mirror: 0

Total:
  Mirror Updates:      2
  Clones from Mirror:  5
  Updates from Mirror: 0

