Mirror of https://github.com/seeraven/gitcache.git:
  Mirror Updates:      2
  Clones from Mirror:  4
  Updates from Mirror: 0

Mirror of https://github.com/seeraven/scm-autologin-plugin:
  Mirror Updates:      1
  Clones from Mirror:  2
  Updates from Mirror: 0

Total:
  Mirror Updates:      3
  Clones from Mirror:  6
  Updates from Mirror: 0

