Mirror of https://github.com/seeraven/gitcache.git:
  Mirror Updates:      1
  Clones from Mirror:  2
  Updates from Mirror: 0

Total:
  Mirror Updates:      1
  Clones from Mirror:  2
  Updates from Mirror: 0

