Starting Update.
Update was successfully completed within TIME.
