Mirror of https://github.com/seeraven/gitcache.git:
  Mirror Updates:      3
  Clones from Mirror:  1
  Updates from Mirror: 3

Total:
  Mirror Updates:      3
  Clones from Mirror:  1
  Updates from Mirror: 3

