Fetching origin
Fetching master
Fetching master
Already up to date.
