Mirror of https://github.com/seeraven/gitcache.git:
  Mirror Updates:      1
  Clones from Mirror:  1
  Updates from Mirror: 2

Total:
  Mirror Updates:      1
  Clones from Mirror:  1
  Updates from Mirror: 2

