Submodule 'dmdcache' (https://github.com/seeraven/dmdcache) registered for path 'dmdcache'
