Mirror of https://github.com/seeraven/dmdcache:
  Mirror Updates:      1
  Clones from Mirror:  1
  Updates from Mirror: 1

Mirror of https://github.com/seeraven/gitcache:
  Mirror Updates:      1
  Clones from Mirror:  1
  Updates from Mirror: 1

Mirror of https://github.com/seeraven/submodule-example:
  Mirror Updates:      0
  Clones from Mirror:  1
  Updates from Mirror: 0

Total:
  Mirror Updates:      2
  Clones from Mirror:  3
  Updates from Mirror: 2

