Fetching origin
Fetching master
Fetching origin
Fetching master
