Mirror of https://github.com/githubtraining/example-dependency:
  Mirror Updates:      0
  Clones from Mirror:  1
  Updates from Mirror: 0

Mirror of https://github.com/githubtraining/example-submodule.git:
  Mirror Updates:      0
  Clones from Mirror:  1
  Updates from Mirror: 0

Total:
  Mirror Updates:      0
  Clones from Mirror:  2
  Updates from Mirror: 0

