Starting Initial clone of https://github.com/seeraven/dmdcache into GITCACHE_DIR/mirrors/github.com/seeraven/dmdcache.
Cloning into bare repository 'GITCACHE_DIR/mirrors/github.com/seeraven/dmdcache/git'...
Initial clone of https://github.com/seeraven/dmdcache into GITCACHE_DIR/mirrors/github.com/seeraven/dmdcache was successfully completed within TIME.
Starting LFS fetch of ref master from https://github.com/seeraven/dmdcache into GITCACHE_DIR/mirrors/github.com/seeraven/dmdcache.
LFS fetch of ref master from https://github.com/seeraven/dmdcache into GITCACHE_DIR/mirrors/github.com/seeraven/dmdcache was successfully completed within TIME.
Starting Clone from mirror GITCACHE_DIR/mirrors/github.com/seeraven/dmdcache.
Cloning into 'dmdcache'...
done.
Clone from mirror GITCACHE_DIR/mirrors/github.com/seeraven/dmdcache was successfully completed within TIME.
Setting push URL to https://github.com/seeraven/dmdcache and configure LFS.
Starting Initial clone of https://github.com/seeraven/gitcache into GITCACHE_DIR/mirrors/github.com/seeraven/gitcache.
Cloning into bare repository 'GITCACHE_DIR/mirrors/github.com/seeraven/gitcache/git'...
Initial clone of https://github.com/seeraven/gitcache into GITCACHE_DIR/mirrors/github.com/seeraven/gitcache was successfully completed within TIME.
Starting LFS fetch of ref master from https://github.com/seeraven/gitcache into GITCACHE_DIR/mirrors/github.com/seeraven/gitcache.
LFS fetch of ref master from https://github.com/seeraven/gitcache into GITCACHE_DIR/mirrors/github.com/seeraven/gitcache was successfully completed within TIME.
Starting Clone from mirror GITCACHE_DIR/mirrors/github.com/seeraven/gitcache.
Cloning into 'gitcache'...
done.
Clone from mirror GITCACHE_DIR/mirrors/github.com/seeraven/gitcache was successfully completed within TIME.
Setting push URL to https://github.com/seeraven/gitcache and configure LFS.
