Fetching master
Submodule path 'gitcache': checked out '8c61df8f91ef11c160ffa6d6bdf90448fde58a61'
