Starting Fetch.
Fetch was successfully completed within TIME.
