Mirror of https://github.com/seeraven/submodule-example.git:
  Mirror Updates:      2
  Clones from Mirror:  1
  Updates from Mirror: 2

Total:
  Mirror Updates:      2
  Clones from Mirror:  1
  Updates from Mirror: 2

