Mirror of https://github.com/seeraven/submodule-example.git:
  Mirror Updates:      3
  Clones from Mirror:  1
  Updates from Mirror: 4

Total:
  Mirror Updates:      3
  Clones from Mirror:  1
  Updates from Mirror: 4

