57dc95b6051250bd9edc6b8645cbbcedf20b0416	HEAD
57dc95b6051250bd9edc6b8645cbbcedf20b0416	refs/heads/master
