Update time of mirror GITCACHE_DIR/mirrors/github.com/seeraven/submodule-example not reached yet.
From GITCACHE_DIR/mirrors/github.com/seeraven/submodule-example/git
