Save configuration file GITCACHE_DIR/config.
Starting Initial clone of https://github.com/seeraven/submodule-example.git into GITCACHE_DIR/mirrors/github.com/seeraven/submodule-example.
Cloning into bare repository 'GITCACHE_DIR/mirrors/github.com/seeraven/submodule-example/git'...
Initial clone of https://github.com/seeraven/submodule-example.git into GITCACHE_DIR/mirrors/github.com/seeraven/submodule-example was successfully completed within TIME.
Starting LFS fetch of ref main from https://github.com/seeraven/submodule-example.git into GITCACHE_DIR/mirrors/github.com/seeraven/submodule-example.
LFS fetch of ref main from https://github.com/seeraven/submodule-example.git into GITCACHE_DIR/mirrors/github.com/seeraven/submodule-example was successfully completed within TIME.
Starting Clone from mirror GITCACHE_DIR/mirrors/github.com/seeraven/submodule-example.
Cloning into 'TMP_WORKDIR/submodule-example'...
done.
Clone from mirror GITCACHE_DIR/mirrors/github.com/seeraven/submodule-example was successfully completed within TIME.
Setting push URL to https://github.com/seeraven/submodule-example.git and configure LFS.
