From https://github.com/seeraven/submodule-example.git
