Starting Update of GITCACHE_DIR/mirrors/github.com/seeraven/submodule-example.
Update of GITCACHE_DIR/mirrors/github.com/seeraven/submodule-example was successfully completed within TIME.
Starting LFS fetch of ref main from https://github.com/seeraven/submodule-example.git into GITCACHE_DIR/mirrors/github.com/seeraven/submodule-example.
LFS fetch of ref main from https://github.com/seeraven/submodule-example.git into GITCACHE_DIR/mirrors/github.com/seeraven/submodule-example was successfully completed within TIME.
