Cloning into 'TMP_WORKDIR/submodule-example5'...
done.
