Deleting specified mirrors.
Deleted mirror GITCACHE_DIR/mirrors/github.com/seeraven/gitcache.
Mirror deleted.
